../Core/Src/main.c:103:1:__io_putchar	16	static
../Core/Src/main.c:114:6:HAL_UART_RxCpltCallback	16	static
../Core/Src/main.c:134:6:HAL_GPIO_EXTI_Callback	16	static
../Core/Src/main.c:148:8:ReadAccelerometer	56	static
../Core/Src/main.c:173:6:DisplayOLED	16	static
../Core/Src/main.c:198:5:main	136	static
../Core/Src/main.c:424:6:SystemClock_Config	128	static
../Core/Src/main.c:469:13:SystemPower_Config	8	static
../Core/Src/main.c:494:13:MX_I2C2_Init	8	static
../Core/Src/main.c:542:13:MX_ICACHE_Init	8	static
../Core/Src/main.c:574:13:MX_SPI1_Init	24	static
../Core/Src/main.c:631:13:MX_USART1_UART_Init	8	static
../Core/Src/main.c:679:13:MX_USART2_UART_Init	8	static
../Core/Src/main.c:727:13:MX_GPIO_Init	64	static
../Core/Src/main.c:867:6:HAL_TIM_PeriodElapsedCallback	16	static
../Core/Src/main.c:884:6:Error_Handler	4	static,ignoring_inline_asm
